Nothing to build in platform 'AXI_DMA_wrapper'

22:45:19 **** Incremental Build of configuration Debug for project AXI-DMA ****
make all 
make --no-print-directory pre-build
a9-linaro-pre-build-step
 
make --no-print-directory main-build
Building file: ../src/helloworld.c
Invoking: ARM v7 gcc compiler
arm-none-eabi-gcc -Wall -O0 -g3 -c -fmessage-length=0 -MT"src/helloworld.o" -mcpu=cortex-a9 -mfpu=vfpv3 -mfloat-abi=hard -I/home/subi/codes/FPGA_projects/AXI-DMA/AXI_DMA_wrapper/export/AXI_DMA_wrapper/sw/AXI_DMA_wrapper/standalone_ps7_cortexa9_0/bspinclude/include -MMD -MP -MF"src/helloworld.d" -MT"src/helloworld.o" -o "src/helloworld.o" "../src/helloworld.c"
../src/helloworld.c:115:2: warning: #warning CHECK FOR THE VALID DDR ADDRESS IN XPARAMETERS.H, DEFAULT SET TO 0x01000000 [-Wcpp]
  115 | #warning CHECK FOR THE VALID DDR ADDRESS IN XPARAMETERS.H, \
      |  ^~~~~~~
Finished building: ../src/helloworld.c
 
Building target: AXI-DMA.elf
Invoking: ARM v7 gcc linker
arm-none-eabi-gcc -mcpu=cortex-a9 -mfpu=vfpv3 -mfloat-abi=hard -Wl,-build-id=none -specs=Xilinx.spec -Wl,-T -Wl,../src/lscript.ld -L/home/subi/codes/FPGA_projects/AXI-DMA/AXI_DMA_wrapper/export/AXI_DMA_wrapper/sw/AXI_DMA_wrapper/standalone_ps7_cortexa9_0/bsplib/lib -o "AXI-DMA.elf" ./src/helloworld.o ./src/platform.o   -Wl,--start-group,-lxil,-lgcc,-lc,--end-group
Finished building target: AXI-DMA.elf
 
Invoking: ARM v7 Print Size
arm-none-eabi-size AXI-DMA.elf  |tee "AXI-DMA.elf.size"
   text	   data	    bss	    dec	    hex	filename
  37813	   2256	  24504	  64573	   fc3d	AXI-DMA.elf
Finished building: AXI-DMA.elf.size
 
22:45:20 **** Incremental Build of configuration Debug for project AXI-DMA_system ****
make all 
Generating bif file for the system project
Executing command '::scw::generate_bif -xpfm /home/subi/codes/FPGA_projects/AXI-DMA/AXI_DMA_wrapper/export/AXI_DMA_wrapper/AXI_DMA_wrapper.xpfm -domains standalone_ps7_cortexa9_0 -bifpath /home/subi/codes/FPGA_projects/AXI-DMA/AXI-DMA_system/Debug/system.bif' on XSCT
sdcard_gen --xpfm /home/subi/codes/FPGA_projects/AXI-DMA/AXI_DMA_wrapper/export/AXI_DMA_wrapper/AXI_DMA_wrapper.xpfm --sys_config AXI_DMA_wrapper --bif /home/subi/codes/FPGA_projects/AXI-DMA/AXI-DMA_system/Debug/system.bif --bitstream /home/subi/codes/FPGA_projects/AXI-DMA/AXI-DMA/_ide/bitstream/AXI_DMA_wrapper.bit --elf /home/subi/codes/FPGA_projects/AXI-DMA/AXI-DMA/Debug/AXI-DMA.elf,ps7_cortexa9_0
creating BOOT.BIN using /home/subi/codes/FPGA_projects/AXI-DMA/AXI-DMA/_ide/bitstream/AXI_DMA_wrapper.bit
Running /tools/Xilinx/Vitis/2022.2/bin/bootgen  -image /home/subi/codes/FPGA_projects/AXI-DMA/AXI-DMA_system/Debug/sd_card_temp/boot.bif -w -o i BOOT.BIN
